exports[`test should render just fine 1`] = `
<div>
  <nav>
    <a>
      Home
    </a>
    <a>
      About
    </a>
  </nav>
  <main />
</div>
`;
